
         /\      Grafana   /‾‾/  
    /\  /  \     |\  __   /  /   
   /  \/    \    | |/ /  /   ‾‾\ 
  /          \   |   (  |  (‾)  |
 / __________ \  |_|\_\  \_____/ 


     execution: local
        script: benchmarks/scripts/k6_read_api.js
        output: -

     scenarios: (100.00%) 3 scenarios, 61 max VUs, 1m25s max duration (incl. graceful stop):
              * api_vu1: 1 looping VUs for 15s (gracefulStop: 30s)
              * api_vu10: 10 looping VUs for 15s (startTime: 20s, gracefulStop: 30s)
              * api_vu50: 50 looping VUs for 15s (startTime: 40s, gracefulStop: 30s)


running (0m01.0s), 01/61 VUs, 302 complete and 0 interrupted iterations
api_vu1    [   7% ] 1 VUs    01.0s/15s
api_vu10 • [   0% ] waiting  19.0s
api_vu50 • [   0% ] waiting  39.0s

running (0m02.0s), 01/61 VUs, 701 complete and 0 interrupted iterations
api_vu1    [  13% ] 1 VUs    02.0s/15s
api_vu10 • [   0% ] waiting  18.0s
api_vu50 • [   0% ] waiting  38.0s

running (0m03.0s), 01/61 VUs, 1101 complete and 0 interrupted iterations
api_vu1    [  20% ] 1 VUs    03.0s/15s
api_vu10 • [   0% ] waiting  17.0s
api_vu50 • [   0% ] waiting  37.0s

running (0m04.0s), 01/61 VUs, 1513 complete and 0 interrupted iterations
api_vu1    [  27% ] 1 VUs    04.0s/15s
api_vu10 • [   0% ] waiting  16.0s
api_vu50 • [   0% ] waiting  36.0s

running (0m05.0s), 01/61 VUs, 1939 complete and 0 interrupted iterations
api_vu1    [  33% ] 1 VUs    05.0s/15s
api_vu10 • [   0% ] waiting  15.0s
api_vu50 • [   0% ] waiting  35.0s

running (0m06.0s), 01/61 VUs, 2331 complete and 0 interrupted iterations
api_vu1    [  40% ] 1 VUs    06.0s/15s
api_vu10 • [   0% ] waiting  14.0s
api_vu50 • [   0% ] waiting  34.0s

running (0m07.0s), 01/61 VUs, 2761 complete and 0 interrupted iterations
api_vu1    [  47% ] 1 VUs    07.0s/15s
api_vu10 • [   0% ] waiting  13.0s
api_vu50 • [   0% ] waiting  33.0s

running (0m08.0s), 01/61 VUs, 3198 complete and 0 interrupted iterations
api_vu1    [  53% ] 1 VUs    08.0s/15s
api_vu10 • [   0% ] waiting  12.0s
api_vu50 • [   0% ] waiting  32.0s

running (0m09.0s), 01/61 VUs, 3604 complete and 0 interrupted iterations
api_vu1    [  60% ] 1 VUs    09.0s/15s
api_vu10 • [   0% ] waiting  11.0s
api_vu50 • [   0% ] waiting  31.0s

running (0m10.0s), 01/61 VUs, 4018 complete and 0 interrupted iterations
api_vu1    [  67% ] 1 VUs    10.0s/15s
api_vu10 • [   0% ] waiting  10.0s
api_vu50 • [   0% ] waiting  30.0s

running (0m11.0s), 01/61 VUs, 4363 complete and 0 interrupted iterations
api_vu1    [  73% ] 1 VUs    11.0s/15s
api_vu10 • [   0% ] waiting  09.0s
api_vu50 • [   0% ] waiting  29.0s

running (0m12.0s), 01/61 VUs, 4783 complete and 0 interrupted iterations
api_vu1    [  80% ] 1 VUs    12.0s/15s
api_vu10 • [   0% ] waiting  08.0s
api_vu50 • [   0% ] waiting  28.0s

running (0m13.0s), 01/61 VUs, 5204 complete and 0 interrupted iterations
api_vu1    [  87% ] 1 VUs    13.0s/15s
api_vu10 • [   0% ] waiting  07.0s
api_vu50 • [   0% ] waiting  27.0s

running (0m14.0s), 01/61 VUs, 5616 complete and 0 interrupted iterations
api_vu1    [  93% ] 1 VUs    14.0s/15s
api_vu10 • [   0% ] waiting  06.0s
api_vu50 • [   0% ] waiting  26.0s

running (0m15.0s), 01/61 VUs, 6029 complete and 0 interrupted iterations
api_vu1    [ 100% ] 1 VUs    15.0s/15s
api_vu10 • [   0% ] waiting  05.0s
api_vu50 • [   0% ] waiting  25.0s

running (0m16.0s), 00/61 VUs, 6034 complete and 0 interrupted iterations
api_vu1  ✓ [ 100% ] 1 VUs    15s
api_vu10 • [   0% ] waiting  04.0s
api_vu50 • [   0% ] waiting  24.0s

running (0m17.0s), 00/61 VUs, 6034 complete and 0 interrupted iterations
api_vu1  ✓ [ 100% ] 1 VUs    15s
api_vu10 • [   0% ] waiting  03.0s
api_vu50 • [   0% ] waiting  23.0s

running (0m18.0s), 00/61 VUs, 6034 complete and 0 interrupted iterations
api_vu1  ✓ [ 100% ] 1 VUs    15s
api_vu10 • [   0% ] waiting  02.0s
api_vu50 • [   0% ] waiting  22.0s

running (0m19.0s), 00/61 VUs, 6034 complete and 0 interrupted iterations
api_vu1  ✓ [ 100% ] 1 VUs    15s
api_vu10 • [   0% ] waiting  01.0s
api_vu50 • [   0% ] waiting  21.0s

running (0m20.0s), 00/61 VUs, 6034 complete and 0 interrupted iterations
api_vu1  ✓ [ 100% ] 1 VUs    15s
api_vu10 • [   0% ] waiting  00.0s
api_vu50 • [   0% ] waiting  20.0s

running (0m21.0s), 10/61 VUs, 7752 complete and 0 interrupted iterations
api_vu1  ✓ [ 100% ] 1 VUs    15s
api_vu10   [   7% ] 10 VUs   01.0s/15s
api_vu50 • [   0% ] waiting  19.0s

running (0m22.0s), 10/61 VUs, 9563 complete and 0 interrupted iterations
api_vu1  ✓ [ 100% ] 1 VUs    15s
api_vu10   [  13% ] 10 VUs   02.0s/15s
api_vu50 • [   0% ] waiting  18.0s

running (0m23.0s), 10/61 VUs, 12063 complete and 0 interrupted iterations
api_vu1  ✓ [ 100% ] 1 VUs    15s
api_vu10   [  20% ] 10 VUs   03.0s/15s
api_vu50 • [   0% ] waiting  17.0s

running (0m24.0s), 10/61 VUs, 14310 complete and 0 interrupted iterations
api_vu1  ✓ [ 100% ] 1 VUs    15s
api_vu10   [  27% ] 10 VUs   04.0s/15s
api_vu50 • [   0% ] waiting  16.0s

running (0m25.0s), 10/61 VUs, 15442 complete and 0 interrupted iterations
api_vu1  ✓ [ 100% ] 1 VUs    15s
api_vu10   [  33% ] 10 VUs   05.0s/15s
api_vu50 • [   0% ] waiting  15.0s

running (0m26.0s), 10/61 VUs, 16854 complete and 0 interrupted iterations
api_vu1  ✓ [ 100% ] 1 VUs    15s
api_vu10   [  40% ] 10 VUs   06.0s/15s
api_vu50 • [   0% ] waiting  14.0s

running (0m27.0s), 10/61 VUs, 18364 complete and 0 interrupted iterations
api_vu1  ✓ [ 100% ] 1 VUs    15s
api_vu10   [  47% ] 10 VUs   07.0s/15s
api_vu50 • [   0% ] waiting  13.0s

running (0m28.0s), 10/61 VUs, 19912 complete and 0 interrupted iterations
api_vu1  ✓ [ 100% ] 1 VUs    15s
api_vu10   [  53% ] 10 VUs   08.0s/15s
api_vu50 • [   0% ] waiting  12.0s

running (0m29.0s), 10/61 VUs, 21406 complete and 0 interrupted iterations
api_vu1  ✓ [ 100% ] 1 VUs    15s
api_vu10   [  60% ] 10 VUs   09.0s/15s
api_vu50 • [   0% ] waiting  11.0s

running (0m30.0s), 10/61 VUs, 22711 complete and 0 interrupted iterations
api_vu1  ✓ [ 100% ] 1 VUs    15s
api_vu10   [  67% ] 10 VUs   10.0s/15s
api_vu50 • [   0% ] waiting  10.0s

running (0m31.0s), 10/61 VUs, 23965 complete and 0 interrupted iterations
api_vu1  ✓ [ 100% ] 1 VUs    15s
api_vu10   [  73% ] 10 VUs   11.0s/15s
api_vu50 • [   0% ] waiting  09.0s

running (0m32.0s), 10/61 VUs, 25336 complete and 0 interrupted iterations
api_vu1  ✓ [ 100% ] 1 VUs    15s
api_vu10   [  80% ] 10 VUs   12.0s/15s
api_vu50 • [   0% ] waiting  08.0s

running (0m33.0s), 10/61 VUs, 26744 complete and 0 interrupted iterations
api_vu1  ✓ [ 100% ] 1 VUs    15s
api_vu10   [  87% ] 10 VUs   13.0s/15s
api_vu50 • [   0% ] waiting  07.0s

running (0m34.0s), 10/61 VUs, 28200 complete and 0 interrupted iterations
api_vu1  ✓ [ 100% ] 1 VUs    15s
api_vu10   [  93% ] 10 VUs   14.0s/15s
api_vu50 • [   0% ] waiting  06.0s

running (0m35.0s), 10/61 VUs, 29607 complete and 0 interrupted iterations
api_vu1  ✓ [ 100% ] 1 VUs    15s
api_vu10   [ 100% ] 10 VUs   15.0s/15s
api_vu50 • [   0% ] waiting  05.0s

running (0m36.0s), 00/61 VUs, 29636 complete and 0 interrupted iterations
api_vu1  ✓ [ 100% ] 1 VUs    15s
api_vu10 ✓ [ 100% ] 10 VUs   15s
api_vu50 • [   0% ] waiting  04.0s

running (0m37.0s), 00/61 VUs, 29636 complete and 0 interrupted iterations
api_vu1  ✓ [ 100% ] 1 VUs    15s
api_vu10 ✓ [ 100% ] 10 VUs   15s
api_vu50 • [   0% ] waiting  03.0s

running (0m38.0s), 00/61 VUs, 29636 complete and 0 interrupted iterations
api_vu1  ✓ [ 100% ] 1 VUs    15s
api_vu10 ✓ [ 100% ] 10 VUs   15s
api_vu50 • [   0% ] waiting  02.0s

running (0m39.0s), 00/61 VUs, 29636 complete and 0 interrupted iterations
api_vu1  ✓ [ 100% ] 1 VUs    15s
api_vu10 ✓ [ 100% ] 10 VUs   15s
api_vu50 • [   0% ] waiting  01.0s

running (0m40.0s), 00/61 VUs, 29636 complete and 0 interrupted iterations
api_vu1  ✓ [ 100% ] 1 VUs    15s
api_vu10 ✓ [ 100% ] 10 VUs   15s
api_vu50 • [   0% ] waiting  00.0s

running (0m41.0s), 50/61 VUs, 30892 complete and 0 interrupted iterations
api_vu1  ✓ [ 100% ] 1 VUs   15s
api_vu10 ✓ [ 100% ] 10 VUs  15s
api_vu50   [   7% ] 50 VUs  01.0s/15s

running (0m42.0s), 50/61 VUs, 32421 complete and 0 interrupted iterations
api_vu1  ✓ [ 100% ] 1 VUs   15s
api_vu10 ✓ [ 100% ] 10 VUs  15s
api_vu50   [  13% ] 50 VUs  02.0s/15s

running (0m43.0s), 50/61 VUs, 34103 complete and 0 interrupted iterations
api_vu1  ✓ [ 100% ] 1 VUs   15s
api_vu10 ✓ [ 100% ] 10 VUs  15s
api_vu50   [  20% ] 50 VUs  03.0s/15s

running (0m44.0s), 50/61 VUs, 35581 complete and 0 interrupted iterations
api_vu1  ✓ [ 100% ] 1 VUs   15s
api_vu10 ✓ [ 100% ] 10 VUs  15s
api_vu50   [  27% ] 50 VUs  04.0s/15s

running (0m45.0s), 50/61 VUs, 36895 complete and 0 interrupted iterations
api_vu1  ✓ [ 100% ] 1 VUs   15s
api_vu10 ✓ [ 100% ] 10 VUs  15s
api_vu50   [  33% ] 50 VUs  05.0s/15s

running (0m46.0s), 50/61 VUs, 38143 complete and 0 interrupted iterations
api_vu1  ✓ [ 100% ] 1 VUs   15s
api_vu10 ✓ [ 100% ] 10 VUs  15s
api_vu50   [  40% ] 50 VUs  06.0s/15s

running (0m47.0s), 50/61 VUs, 39805 complete and 0 interrupted iterations
api_vu1  ✓ [ 100% ] 1 VUs   15s
api_vu10 ✓ [ 100% ] 10 VUs  15s
api_vu50   [  47% ] 50 VUs  07.0s/15s

running (0m48.0s), 50/61 VUs, 41412 complete and 0 interrupted iterations
api_vu1  ✓ [ 100% ] 1 VUs   15s
api_vu10 ✓ [ 100% ] 10 VUs  15s
api_vu50   [  53% ] 50 VUs  08.0s/15s

running (0m49.0s), 50/61 VUs, 42893 complete and 0 interrupted iterations
api_vu1  ✓ [ 100% ] 1 VUs   15s
api_vu10 ✓ [ 100% ] 10 VUs  15s
api_vu50   [  60% ] 50 VUs  09.0s/15s

running (0m50.0s), 50/61 VUs, 44462 complete and 0 interrupted iterations
api_vu1  ✓ [ 100% ] 1 VUs   15s
api_vu10 ✓ [ 100% ] 10 VUs  15s
api_vu50   [  67% ] 50 VUs  10.0s/15s

running (0m51.0s), 50/61 VUs, 45922 complete and 0 interrupted iterations
api_vu1  ✓ [ 100% ] 1 VUs   15s
api_vu10 ✓ [ 100% ] 10 VUs  15s
api_vu50   [  73% ] 50 VUs  11.0s/15s

running (0m52.0s), 50/61 VUs, 47475 complete and 0 interrupted iterations
api_vu1  ✓ [ 100% ] 1 VUs   15s
api_vu10 ✓ [ 100% ] 10 VUs  15s
api_vu50   [  80% ] 50 VUs  12.0s/15s

running (0m53.0s), 50/61 VUs, 49042 complete and 0 interrupted iterations
api_vu1  ✓ [ 100% ] 1 VUs   15s
api_vu10 ✓ [ 100% ] 10 VUs  15s
api_vu50   [  87% ] 50 VUs  13.0s/15s

running (0m54.0s), 50/61 VUs, 50507 complete and 0 interrupted iterations
api_vu1  ✓ [ 100% ] 1 VUs   15s
api_vu10 ✓ [ 100% ] 10 VUs  15s
api_vu50   [  93% ] 50 VUs  14.0s/15s

running (0m55.0s), 50/61 VUs, 52003 complete and 0 interrupted iterations
api_vu1  ✓ [ 100% ] 1 VUs   15s
api_vu10 ✓ [ 100% ] 10 VUs  15s
api_vu50   [ 100% ] 50 VUs  15.0s/15s

running (0m55.1s), 00/61 VUs, 52070 complete and 0 interrupted iterations
api_vu1  ✓ [ 100% ] 1 VUs   15s
api_vu10 ✓ [ 100% ] 10 VUs  15s
api_vu50 ✓ [ 100% ] 50 VUs  15s
time="2026-08-26T10:52:54+08:00" level=error msg="thresholds on metrics 'http_req_failed' have been crossed"
