ANSWER_RESULT {"canonical": {"all_sources_cited_rate": 0.9230769230769231, "citation_presence_rate": 1, "errors": 1, "latency_ms": {"max": 9536.518, "mean": 6705.29, "p50": 6404.665, "p95": 9407.88375, "p99": 9509.4585}, "mean_assertion_recall": 0.4391025641025641, "queries": 27, "relevant_citation_rate": 1, "strict_assertion_pass_rate": 0.34615384615384615, "successful": 26}, "multi": {"all_sources_cited_rate": 0.7916666666666666, "citation_presence_rate": 1, "errors": 0, "latency_ms": {"max": 13443.083, "mean": 7630.328666666666, "p50": 7032.9385, "p95": 11517.228599999995, "p99": 13072.73539}, "mean_assertion_recall": 0.3715277777777778, "queries": 24, "relevant_citation_rate": 1, "strict_assertion_pass_rate": 0.20833333333333334, "successful": 24}, "overall": {"all_sources_cited_rate": 0.9074074074074074, "citation_presence_rate": 1, "errors": 1, "latency_ms": {"max": 13443.083, "mean": 6815.2891851851855, "p50": 6238.437, "p95": 9610.850849999999, "p99": 12589.673289999999}, "mean_assertion_recall": 0.4089506172839506, "queries": 55, "relevant_citation_rate": 1, "strict_assertion_pass_rate": 0.2777777777777778, "successful": 54}, "paraphrase": {"all_sources_cited_rate": 0.8928571428571429, "citation_presence_rate": 1, "errors": 0, "latency_ms": {"max": 13443.083, "mean": 6917.431285714286, "p50": 6134.217500000001, "p95": 11096.365399999997, "p99": 13008.32711}, "mean_assertion_recall": 0.38095238095238093, "queries": 28, "relevant_citation_rate": 1, "strict_assertion_pass_rate": 0.21428571428571427, "successful": 28}, "run": {"independent_facts": 28, "judge": "deterministic assertions", "queries": 55, "wall_seconds": 371.607995, "workers": 1}, "single": {"all_sources_cited_rate": 1, "citation_presence_rate": 1, "errors": 1, "latency_ms": {"max": 9428.28, "mean": 6163.2576, "p50": 5929.4169999999995, "p95": 8519.518599999998, "p99": 9256.43006}, "mean_assertion_recall": 0.4388888888888889, "queries": 31, "relevant_citation_rate": 1, "strict_assertion_pass_rate": 0.3333333333333333, "successful": 30}}
real 371.93
user 0.69
sys 0.77
            19759104  maximum resident set size
                   0  average shared memory size
                   0  average unshared data size
                   0  average unshared stack size
              109707  page reclaims
                1803  page faults
                   0  swaps
                   0  block input operations
                   0  block output operations
                 605  messages sent
                3003  messages received
                  15  signals received
                 630  voluntary context switches
               28999  involuntary context switches
           944646182  instructions retired
           650681301  cycles elapsed
            11256144  peak memory footprint
EXIT_STATUS=0
